
[1m[46m RUN [49m[22m [36mv4.1.0 [39m[90mC:/Users/hp15s/Desktop/tindahan/server[39m

 [32mΓ£ô[39m tests/unit/storage.test.ts [2m([22m[2m2 tests[22m[2m)[22m[32m 28[2mms[22m[39m
 [32mΓ£ô[39m tests/unit/user.test.ts [2m([22m[2m1 test[22m[2m)[22m[32m 12[2mms[22m[39m
 [32mΓ£ô[39m tests/unit/role.test.ts [2m([22m[2m1 test[22m[2m)[22m[32m 13[2mms[22m[39m
 [31mΓ¥»[39m tests/user/user.test.ts [2m([22m[2m0 test[22m[2m)[22m
 [31mΓ¥»[39m tests/role/role.test.ts [2m([22m[2m0 test[22m[2m)[22m
 [31mΓ¥»[39m tests/product/product.test.ts [2m([22m[2m0 test[22m[2m)[22m
 [31mΓ¥»[39m tests/upload/upload.test.ts [2m([22m[2m0 test[22m[2m)[22m
node.exe : 
At line:1 char:1
+ & "C:\Program 
Files\nodejs/node.exe" 
"C:\Users\hp15s\AppData
\Roaming\ ...
+ ~~~~~~~~~~~~~~~~~~~~~
~~~~~~~~~~~~~~~~~~~~~~~
~~~~~~~~~~~~~~~~~~~~~~~
~~
    + CategoryInfo     
         : NotSpecifi  
  ed: (:String) [],    
 RemoteException
    + FullyQualifiedEr 
   rorId : NativeComm  
  andError
 
[31mΓÄ»ΓÄ»ΓÄ»ΓÄ»ΓÄ»ΓÄ»
[39m[1m[41m Failed 
Suites 4 [49m[22m[31
mΓÄ»ΓÄ»ΓÄ»ΓÄ»ΓÄ»ΓÄ»ΓÄ»
[39m

[41m[1m FAIL 
[22m[49m tests/produc
t/product.test.ts[2m 
[ tests/product/product
.test.ts ][22m
[41m[1m FAIL 
[22m[49m tests/role/r
ole.test.ts[2m [ tests
/role/role.test.ts 
][22m
[41m[1m FAIL 
[22m[49m tests/upload
/upload.test.ts[2m [ t
ests/upload/upload.test
.ts ][22m
[41m[1m FAIL 
[22m[49m tests/user/u
ser.test.ts[2m [ tests
/user/user.test.ts 
][22m
[31m[1mReferenceError
[22m: 
getUsersQuerySchema is 
not defined[39m
[36m [2mΓ¥»[22m src/
features/user/user.rout
e.ts:[2m10:56[22m[39
m
    [90m  8|[39m
    [90m  9|[39m 
[90m// Administrative 
routes[39m
    [90m 10|[39m 
route.get('/', 
authMiddleware, 
isAdmin, validateSchema
(getUsersQueryScΓÇª
    [90m   |[39m     
                       
                       
     [31m^[39m
    [90m 11|[39m
    [90m 12|[39m rout
e[33m.[39m[34mpost[
39m(
[90m [2mΓ¥»[22m src/
routes.ts:[2m3:1[22m
[39m
[90m [2mΓ¥»[22m src/
app.ts:[2m3:1[22m[39
m

[31m[2mΓÄ»ΓÄ»ΓÄ»ΓÄ»ΓÄ
»ΓÄ»ΓÄ»ΓÄ»ΓÄ»ΓÄ»ΓÄ»ΓÄ»Γ
Ä»ΓÄ»ΓÄ»ΓÄ»ΓÄ»ΓÄ»ΓÄ»ΓÄ»
ΓÄ»ΓÄ»ΓÄ»ΓÄ»[1/4]ΓÄ»[2
2m[39m


[2m Test Files [22m [1m[31m4 failed[39m[22m[2m | [22m[1m[32m3 passed[39m[22m[90m (7)[39m
[2m      Tests [22m [1m[32m4 passed[39m[22m[90m (4)[39m
[2m   Start at [22m 10:20:01
[2m   Duration [22m 2.08s[2m (transform 1.31s, setup 0ms, import 1.52s, tests 53ms, environment 5ms)[22m

